[
  {
    "LogicalResourceId": "SuperCoolAPI",
    "ResourceType": "AWS::AppSync::GraphQLApi"
  },
  {
    "LogicalResourceId": "SuperCoolAPICloudWatchRole",
    "ResourceType": "AWS::IAM::Role"
  },
  {
    "LogicalResourceId": "SuperCoolAPISchema",
    "ResourceType": "AWS::AppSync::GraphQLSchema"
  },
  {
    "LogicalResourceId": "SuperCoolAPIQuerygetBook",
    "ResourceType": "AWS::AppSync::Resolver"
  },
  {
    "LogicalResourceId": "SuperCoolAPINoneDataSource",
    "ResourceType": "AWS::AppSync::DataSource"
  },
  {
    "LogicalResourceId": "SuperCoolAPIprocessQuery",
    "ResourceType": "AWS::AppSync::FunctionConfiguration"
  },
  {
    "LogicalResourceId": "SuperCoolAPIMyApiKey",
    "ResourceType": "AWS::AppSync::ApiKey"
  },
  {
    "LogicalResourceId": "IntrospectionDisableSuperCoolAPI",
    "ResourceType": "AWS::AppSync::GraphQLApi"
  },
  {
    "LogicalResourceId": "IntrospectionDisableSuperCoolAPICloudWatchRole",
    "ResourceType": "AWS::IAM::Role"
  },
  {
    "LogicalResourceId": "IntrospectionDisableSuperCoolAPISchema",
    "ResourceType": "AWS::AppSync::GraphQLSchema"
  },
  {
    "LogicalResourceId": "IntrospectionDisableSuperCoolAPIQuerygetBook",
    "ResourceType": "AWS::AppSync::Resolver"
  },
  {
    "LogicalResourceId": "IntrospectionDisableSuperCoolAPINoneDataSource",
    "ResourceType": "AWS::AppSync::DataSource"
  },
  {
    "LogicalResourceId": "IntrospectionDisableSuperCoolAPIprocessQuery",
    "ResourceType": "AWS::AppSync::FunctionConfiguration"
  },
  {
    "LogicalResourceId": "IntrospectionDisableSuperCoolAPIMyApiKey",
    "ResourceType": "AWS::AppSync::ApiKey"
  }
]
